1779948516.422097 client started (7583): version 3.6b, socket /private/tmp/tmux-502/default, protocol 8
1779948516.422139 on Darwin 25.5.0 Darwin Kernel Version 25.5.0: Mon Apr 27 20:41:15 PDT 2026; root:xnu-12377.121.6~2/RELEASE_ARM64_T6041
1779948516.422149 using libevent 2.1.12-stable select
1779948516.422177 using utf8proc 2.11.3
1779948516.422183 using ncurses 6.6 20251230
1779948516.422196 flags are 0x18010000
1779948516.422201 socket is /private/tmp/tmux-502/default
1779948516.422210 trying connect
1779948516.422456 add peer 0x1017097c0: 6 (0x0)
1779948516.424812 sending message 111 to peer 0x1017097c0 (8 bytes)
1779948516.424822 sending message 111 to peer 0x1017097c0 (8 bytes)
1779948516.424828 sending message 101 to peer 0x1017097c0 (15 bytes)
1779948516.424832 sending message 109 to peer 0x1017097c0 (4 bytes)
1779948516.424837 sending message 102 to peer 0x1017097c0 (13 bytes)
1779948516.424841 sending message 108 to peer 0x1017097c0 (29 bytes)
1779948516.424845 sending message 112 to peer 0x1017097c0 (58 bytes)
1779948516.424849 sending message 112 to peer 0x1017097c0 (5 bytes)
1779948516.424853 sending message 112 to peer 0x1017097c0 (5 bytes)
1779948516.424865 sending message 112 to peer 0x1017097c0 (6 bytes)
1779948516.424872 sending message 112 to peer 0x1017097c0 (6 bytes)
1779948516.424876 sending message 112 to peer 0x1017097c0 (11 bytes)
1779948516.424880 sending message 112 to peer 0x1017097c0 (10 bytes)
1779948516.424884 sending message 112 to peer 0x1017097c0 (13 bytes)
1779948516.424888 sending message 112 to peer 0x1017097c0 (14 bytes)
1779948516.424892 sending message 112 to peer 0x1017097c0 (19 bytes)
1779948516.424896 sending message 112 to peer 0x1017097c0 (11 bytes)
1779948516.424900 sending message 112 to peer 0x1017097c0 (10 bytes)
1779948516.424904 sending message 112 to peer 0x1017097c0 (15 bytes)
1779948516.424908 sending message 112 to peer 0x1017097c0 (21 bytes)
1779948516.424911 sending message 112 to peer 0x1017097c0 (13 bytes)
1779948516.424915 sending message 112 to peer 0x1017097c0 (7 bytes)
1779948516.424919 sending message 112 to peer 0x1017097c0 (13 bytes)
1779948516.424923 sending message 112 to peer 0x1017097c0 (7 bytes)
1779948516.424927 sending message 112 to peer 0x1017097c0 (13 bytes)
1779948516.424935 sending message 112 to peer 0x1017097c0 (9 bytes)
1779948516.424942 sending message 112 to peer 0x1017097c0 (21 bytes)
1779948516.424946 sending message 112 to peer 0x1017097c0 (13 bytes)
1779948516.424950 sending message 112 to peer 0x1017097c0 (9 bytes)
1779948516.424954 sending message 112 to peer 0x1017097c0 (16 bytes)
1779948516.424958 sending message 112 to peer 0x1017097c0 (13 bytes)
1779948516.424962 sending message 112 to peer 0x1017097c0 (9 bytes)
1779948516.424965 sending message 112 to peer 0x1017097c0 (9 bytes)
1779948516.424969 sending message 112 to peer 0x1017097c0 (12 bytes)
1779948516.424973 sending message 112 to peer 0x1017097c0 (8 bytes)
1779948516.424977 sending message 112 to peer 0x1017097c0 (8 bytes)
1779948516.424980 sending message 112 to peer 0x1017097c0 (13 bytes)
1779948516.424984 sending message 112 to peer 0x1017097c0 (7 bytes)
1779948516.424988 sending message 112 to peer 0x1017097c0 (7 bytes)
1779948516.424991 sending message 112 to peer 0x1017097c0 (9 bytes)
1779948516.424995 sending message 112 to peer 0x1017097c0 (9 bytes)
1779948516.424999 sending message 112 to peer 0x1017097c0 (15 bytes)
1779948516.425002 sending message 112 to peer 0x1017097c0 (13 bytes)
1779948516.425006 sending message 112 to peer 0x1017097c0 (12 bytes)
1779948516.425010 sending message 112 to peer 0x1017097c0 (8 bytes)
1779948516.425013 sending message 112 to peer 0x1017097c0 (14 bytes)
1779948516.425017 sending message 112 to peer 0x1017097c0 (11 bytes)
1779948516.425021 sending message 112 to peer 0x1017097c0 (9 bytes)
1779948516.425024 sending message 112 to peer 0x1017097c0 (10 bytes)
1779948516.425028 sending message 112 to peer 0x1017097c0 (10 bytes)
1779948516.425032 sending message 112 to peer 0x1017097c0 (10 bytes)
1779948516.425035 sending message 112 to peer 0x1017097c0 (10 bytes)
1779948516.425045 sending message 112 to peer 0x1017097c0 (11 bytes)
1779948516.425048 sending message 112 to peer 0x1017097c0 (12 bytes)
1779948516.425051 sending message 112 to peer 0x1017097c0 (12 bytes)
1779948516.425054 sending message 112 to peer 0x1017097c0 (12 bytes)
1779948516.425057 sending message 112 to peer 0x1017097c0 (12 bytes)
1779948516.425060 sending message 112 to peer 0x1017097c0 (12 bytes)
1779948516.425063 sending message 112 to peer 0x1017097c0 (11 bytes)
1779948516.425066 sending message 112 to peer 0x1017097c0 (11 bytes)
1779948516.425068 sending message 112 to peer 0x1017097c0 (12 bytes)
1779948516.425071 sending message 112 to peer 0x1017097c0 (12 bytes)
1779948516.425074 sending message 112 to peer 0x1017097c0 (12 bytes)
1779948516.425077 sending message 112 to peer 0x1017097c0 (12 bytes)
1779948516.425080 sending message 112 to peer 0x1017097c0 (12 bytes)
1779948516.425082 sending message 112 to peer 0x1017097c0 (9 bytes)
1779948516.425085 sending message 112 to peer 0x1017097c0 (12 bytes)
1779948516.425088 sending message 112 to peer 0x1017097c0 (13 bytes)
1779948516.425091 sending message 112 to peer 0x1017097c0 (13 bytes)
1779948516.425094 sending message 112 to peer 0x1017097c0 (13 bytes)
1779948516.425096 sending message 112 to peer 0x1017097c0 (13 bytes)
1779948516.425099 sending message 112 to peer 0x1017097c0 (13 bytes)
1779948516.425102 sending message 112 to peer 0x1017097c0 (8 bytes)
1779948516.425105 sending message 112 to peer 0x1017097c0 (11 bytes)
1779948516.425108 sending message 112 to peer 0x1017097c0 (11 bytes)
1779948516.425111 sending message 112 to peer 0x1017097c0 (11 bytes)
1779948516.425113 sending message 112 to peer 0x1017097c0 (12 bytes)
1779948516.425116 sending message 112 to peer 0x1017097c0 (12 bytes)
1779948516.425119 sending message 112 to peer 0x1017097c0 (12 bytes)
1779948516.425122 sending message 112 to peer 0x1017097c0 (12 bytes)
1779948516.425124 sending message 112 to peer 0x1017097c0 (13 bytes)
1779948516.425127 sending message 112 to peer 0x1017097c0 (13 bytes)
1779948516.425130 sending message 112 to peer 0x1017097c0 (13 bytes)
1779948516.425133 sending message 112 to peer 0x1017097c0 (8 bytes)
1779948516.425136 sending message 112 to peer 0x1017097c0 (13 bytes)
1779948516.425138 sending message 112 to peer 0x1017097c0 (13 bytes)
1779948516.425141 sending message 112 to peer 0x1017097c0 (13 bytes)
1779948516.425144 sending message 112 to peer 0x1017097c0 (13 bytes)
1779948516.425147 sending message 112 to peer 0x1017097c0 (13 bytes)
1779948516.425150 sending message 112 to peer 0x1017097c0 (12 bytes)
1779948516.425152 sending message 112 to peer 0x1017097c0 (12 bytes)
1779948516.425155 sending message 112 to peer 0x1017097c0 (12 bytes)
1779948516.425158 sending message 112 to peer 0x1017097c0 (12 bytes)
1779948516.425161 sending message 112 to peer 0x1017097c0 (13 bytes)
1779948516.425164 sending message 112 to peer 0x1017097c0 (8 bytes)
1779948516.425167 sending message 112 to peer 0x1017097c0 (13 bytes)
1779948516.425169 sending message 112 to peer 0x1017097c0 (13 bytes)
1779948516.425172 sending message 112 to peer 0x1017097c0 (13 bytes)
1779948516.425175 sending message 112 to peer 0x1017097c0 (13 bytes)
1779948516.425178 sending message 112 to peer 0x1017097c0 (13 bytes)
1779948516.425180 sending message 112 to peer 0x1017097c0 (13 bytes)
1779948516.425183 sending message 112 to peer 0x1017097c0 (13 bytes)
1779948516.425186 sending message 112 to peer 0x1017097c0 (12 bytes)
1779948516.425189 sending message 112 to peer 0x1017097c0 (12 bytes)
1779948516.425192 sending message 112 to peer 0x1017097c0 (12 bytes)
1779948516.425195 sending message 112 to peer 0x1017097c0 (8 bytes)
1779948516.425197 sending message 112 to peer 0x1017097c0 (12 bytes)
1779948516.425200 sending message 112 to peer 0x1017097c0 (13 bytes)
1779948516.425203 sending message 112 to peer 0x1017097c0 (13 bytes)
1779948516.425206 sending message 112 to peer 0x1017097c0 (13 bytes)
1779948516.425208 sending message 112 to peer 0x1017097c0 (13 bytes)
1779948516.425211 sending message 112 to peer 0x1017097c0 (13 bytes)
1779948516.425219 sending message 112 to peer 0x1017097c0 (13 bytes)
1779948516.425223 sending message 112 to peer 0x1017097c0 (13 bytes)
1779948516.425226 sending message 112 to peer 0x1017097c0 (13 bytes)
1779948516.425229 sending message 112 to peer 0x1017097c0 (12 bytes)
1779948516.425231 sending message 112 to peer 0x1017097c0 (10 bytes)
1779948516.425234 sending message 112 to peer 0x1017097c0 (12 bytes)
1779948516.425237 sending message 112 to peer 0x1017097c0 (12 bytes)
1779948516.425240 sending message 112 to peer 0x1017097c0 (12 bytes)
1779948516.425243 sending message 112 to peer 0x1017097c0 (13 bytes)
1779948516.425245 sending message 112 to peer 0x1017097c0 (13 bytes)
1779948516.425249 sending message 112 to peer 0x1017097c0 (13 bytes)
1779948516.425251 sending message 112 to peer 0x1017097c0 (13 bytes)
1779948516.425254 sending message 112 to peer 0x1017097c0 (13 bytes)
1779948516.425257 sending message 112 to peer 0x1017097c0 (13 bytes)
1779948516.425260 sending message 112 to peer 0x1017097c0 (13 bytes)
1779948516.425263 sending message 112 to peer 0x1017097c0 (10 bytes)
1779948516.425266 sending message 112 to peer 0x1017097c0 (13 bytes)
1779948516.425268 sending message 112 to peer 0x1017097c0 (12 bytes)
1779948516.425271 sending message 112 to peer 0x1017097c0 (12 bytes)
1779948516.425274 sending message 112 to peer 0x1017097c0 (12 bytes)
1779948516.425277 sending message 112 to peer 0x1017097c0 (10 bytes)
1779948516.425280 sending message 112 to peer 0x1017097c0 (10 bytes)
1779948516.425282 sending message 112 to peer 0x1017097c0 (10 bytes)
1779948516.425285 sending message 112 to peer 0x1017097c0 (12 bytes)
1779948516.425288 sending message 112 to peer 0x1017097c0 (13 bytes)
1779948516.425291 sending message 112 to peer 0x1017097c0 (13 bytes)
1779948516.425294 sending message 112 to peer 0x1017097c0 (13 bytes)
1779948516.425297 sending message 112 to peer 0x1017097c0 (13 bytes)
1779948516.425299 sending message 112 to peer 0x1017097c0 (13 bytes)
1779948516.425302 sending message 112 to peer 0x1017097c0 (10 bytes)
1779948516.425305 sending message 112 to peer 0x1017097c0 (11 bytes)
1779948516.425308 sending message 112 to peer 0x1017097c0 (12 bytes)
1779948516.425311 sending message 112 to peer 0x1017097c0 (12 bytes)
1779948516.425314 sending message 112 to peer 0x1017097c0 (12 bytes)
1779948516.425317 sending message 112 to peer 0x1017097c0 (12 bytes)
1779948516.425320 sending message 112 to peer 0x1017097c0 (12 bytes)
1779948516.425323 sending message 112 to peer 0x1017097c0 (11 bytes)
1779948516.425325 sending message 112 to peer 0x1017097c0 (12 bytes)
1779948516.425328 sending message 112 to peer 0x1017097c0 (12 bytes)
1779948516.425330 sending message 112 to peer 0x1017097c0 (13 bytes)
1779948516.425333 sending message 112 to peer 0x1017097c0 (13 bytes)
1779948516.425335 sending message 112 to peer 0x1017097c0 (13 bytes)
1779948516.425338 sending message 112 to peer 0x1017097c0 (13 bytes)
1779948516.425340 sending message 112 to peer 0x1017097c0 (13 bytes)
1779948516.425342 sending message 112 to peer 0x1017097c0 (10 bytes)
1779948516.425345 sending message 112 to peer 0x1017097c0 (9 bytes)
1779948516.425348 sending message 112 to peer 0x1017097c0 (12 bytes)
1779948516.425350 sending message 112 to peer 0x1017097c0 (13 bytes)
1779948516.425352 sending message 112 to peer 0x1017097c0 (13 bytes)
1779948516.425355 sending message 112 to peer 0x1017097c0 (13 bytes)
1779948516.425357 sending message 112 to peer 0x1017097c0 (13 bytes)
1779948516.425360 sending message 112 to peer 0x1017097c0 (13 bytes)
1779948516.425362 sending message 112 to peer 0x1017097c0 (9 bytes)
1779948516.425365 sending message 112 to peer 0x1017097c0 (12 bytes)
1779948516.425367 sending message 112 to peer 0x1017097c0 (13 bytes)
1779948516.425370 sending message 112 to peer 0x1017097c0 (13 bytes)
1779948516.425372 sending message 112 to peer 0x1017097c0 (13 bytes)
1779948516.425375 sending message 112 to peer 0x1017097c0 (13 bytes)
1779948516.425377 sending message 112 to peer 0x1017097c0 (13 bytes)
1779948516.425383 sending message 112 to peer 0x1017097c0 (11 bytes)
1779948516.425386 sending message 112 to peer 0x1017097c0 (12 bytes)
1779948516.425389 sending message 112 to peer 0x1017097c0 (13 bytes)
1779948516.425391 sending message 112 to peer 0x1017097c0 (13 bytes)
1779948516.425394 sending message 112 to peer 0x1017097c0 (13 bytes)
1779948516.425396 sending message 112 to peer 0x1017097c0 (13 bytes)
1779948516.425399 sending message 112 to peer 0x1017097c0 (13 bytes)
1779948516.425401 sending message 112 to peer 0x1017097c0 (11 bytes)
1779948516.425403 sending message 112 to peer 0x1017097c0 (12 bytes)
1779948516.425406 sending message 112 to peer 0x1017097c0 (12 bytes)
1779948516.425408 sending message 112 to peer 0x1017097c0 (12 bytes)
1779948516.425411 sending message 112 to peer 0x1017097c0 (12 bytes)
1779948516.425413 sending message 112 to peer 0x1017097c0 (12 bytes)
1779948516.425416 sending message 112 to peer 0x1017097c0 (21 bytes)
1779948516.425418 sending message 112 to peer 0x1017097c0 (12 bytes)
1779948516.425421 sending message 112 to peer 0x1017097c0 (9 bytes)
1779948516.425423 sending message 112 to peer 0x1017097c0 (6 bytes)
1779948516.425426 sending message 112 to peer 0x1017097c0 (13 bytes)
1779948516.425428 sending message 112 to peer 0x1017097c0 (10 bytes)
1779948516.425431 sending message 112 to peer 0x1017097c0 (24 bytes)
1779948516.425434 sending message 112 to peer 0x1017097c0 (13 bytes)
1779948516.425436 sending message 112 to peer 0x1017097c0 (9 bytes)
1779948516.425439 sending message 112 to peer 0x1017097c0 (70 bytes)
1779948516.425441 sending message 112 to peer 0x1017097c0 (69 bytes)
1779948516.425444 sending message 112 to peer 0x1017097c0 (12 bytes)
1779948516.425446 sending message 112 to peer 0x1017097c0 (10 bytes)
1779948516.425449 sending message 112 to peer 0x1017097c0 (10 bytes)
1779948516.425451 sending message 112 to peer 0x1017097c0 (24 bytes)
1779948516.425454 sending message 112 to peer 0x1017097c0 (13 bytes)
1779948516.425456 sending message 112 to peer 0x1017097c0 (10 bytes)
1779948516.425459 sending message 112 to peer 0x1017097c0 (10 bytes)
1779948516.425461 sending message 112 to peer 0x1017097c0 (10 bytes)
1779948516.425464 sending message 112 to peer 0x1017097c0 (13 bytes)
1779948516.425466 sending message 112 to peer 0x1017097c0 (15 bytes)
1779948516.425469 sending message 112 to peer 0x1017097c0 (5 bytes)
1779948516.425473 sending message 104 to peer 0x1017097c0 (0 bytes)
1779948516.425476 sending message 110 to peer 0x1017097c0 (0 bytes)
1779948516.425478 sending message 107 to peer 0x1017097c0 (4 bytes)
1779948516.425481 sending message 105 to peer 0x1017097c0 (20 bytes)
1779948516.425483 sending message 105 to peer 0x1017097c0 (22 bytes)
1779948516.425486 sending message 105 to peer 0x1017097c0 (21 bytes)
1779948516.425489 sending message 105 to peer 0x1017097c0 (17 bytes)
1779948516.425491 sending message 105 to peer 0x1017097c0 (27 bytes)
1779948516.425494 sending message 105 to peer 0x1017097c0 (17 bytes)
1779948516.425496 sending message 105 to peer 0x1017097c0 (23 bytes)
1779948516.425499 sending message 105 to peer 0x1017097c0 (18 bytes)
1779948516.425501 sending message 105 to peer 0x1017097c0 (573 bytes)
1779948516.425504 sending message 105 to peer 0x1017097c0 (15 bytes)
1779948516.425507 sending message 105 to peer 0x1017097c0 (62 bytes)
1779948516.425509 sending message 105 to peer 0x1017097c0 (20 bytes)
1779948516.425512 sending message 105 to peer 0x1017097c0 (21 bytes)
1779948516.425514 sending message 105 to peer 0x1017097c0 (46 bytes)
1779948516.425517 sending message 105 to peer 0x1017097c0 (57 bytes)
1779948516.425519 sending message 105 to peer 0x1017097c0 (14 bytes)
1779948516.425522 sending message 105 to peer 0x1017097c0 (35 bytes)
1779948516.425524 sending message 105 to peer 0x1017097c0 (49 bytes)
1779948516.425527 sending message 105 to peer 0x1017097c0 (72 bytes)
1779948516.425530 sending message 105 to peer 0x1017097c0 (64 bytes)
1779948516.425532 sending message 105 to peer 0x1017097c0 (16 bytes)
1779948516.425540 sending message 105 to peer 0x1017097c0 (72 bytes)
1779948516.425543 sending message 105 to peer 0x1017097c0 (14 bytes)
1779948516.425545 sending message 105 to peer 0x1017097c0 (19 bytes)
1779948516.425548 sending message 105 to peer 0x1017097c0 (44 bytes)
1779948516.425550 sending message 105 to peer 0x1017097c0 (38 bytes)
1779948516.425553 sending message 105 to peer 0x1017097c0 (8 bytes)
1779948516.425556 sending message 105 to peer 0x1017097c0 (33 bytes)
1779948516.425558 sending message 105 to peer 0x1017097c0 (36 bytes)
1779948516.425561 sending message 105 to peer 0x1017097c0 (31 bytes)
1779948516.425563 sending message 105 to peer 0x1017097c0 (11 bytes)
1779948516.425566 sending message 105 to peer 0x1017097c0 (8 bytes)
1779948516.425568 sending message 105 to peer 0x1017097c0 (32 bytes)
1779948516.425571 sending message 105 to peer 0x1017097c0 (96 bytes)
1779948516.425573 sending message 105 to peer 0x1017097c0 (11 bytes)
1779948516.425576 sending message 105 to peer 0x1017097c0 (29 bytes)
1779948516.425578 sending message 105 to peer 0x1017097c0 (16 bytes)
1779948516.425581 sending message 105 to peer 0x1017097c0 (56 bytes)
1779948516.425584 sending message 105 to peer 0x1017097c0 (65 bytes)
1779948516.425586 sending message 105 to peer 0x1017097c0 (25 bytes)
1779948516.425589 sending message 106 to peer 0x1017097c0 (0 bytes)
1779948516.425649 cmd_pack_argv: argv[0]=new-session
1779948516.425654 sending message 200 to peer 0x1017097c0 (16 bytes)
1779948516.425660 client loop enter
1779948516.425860 peer 0x1017097c0 message 303
1779948516.425866 open write file 2 -
1779948516.425882 sending message 305 to peer 0x1017097c0 (8 bytes)
1779948516.425890 write check file 2
1779948516.425942 peer 0x1017097c0 message 304
1779948516.425946 write 37 to file 2
1779948516.425950 peer 0x1017097c0 message 203
1779948516.425953 file 2 37 bytes left
1779948516.425987 write check file 2
1779948516.425991 client loop exit
